Microsoft Windows [Version 10.0.19042.1706]
(c) Microsoft Corporation. All rights reserved.

C:\Users\intel>cd C:\javafsd

C:\javafsd>git clone https://github.com/Subitshar/javademos.git
fatal: destination path 'javademos' already exists and is not an empty directory.

C:\javafsd>cd javademos

C:\javafsd\javademos>git status
On branch main
Your branch is up to date with 'origin/main'.

nothing to commit, working tree clean

C:\javafsd\javademos>commit
'commit' is not recognized as an internal or external command,
operable program or batch file.

C:\javafsd\javademos>commit textfile
'commit' is not recognized as an internal or external command,
operable program or batch file.

C:\javafsd\javademos>git status
On branch main
Your branch is up to date with 'origin/main'.

Untracked files:
  (use "git add <file>..." to include in what will be committed)
        textfile.txt

nothing added to commit but untracked files present (use "git add" to track)

C:\javafsd\javademos>add.
'add.' is not recognized as an internal or external command,
operable program or batch file.

C:\javafsd\javademos>gid add.
'gid' is not recognized as an internal or external command,
operable program or batch file.

C:\javafsd\javademos>git status
On branch main
Your branch is up to date with 'origin/main'.

Untracked files:
  (use "git add <file>..." to include in what will be committed)
        textfile.txt

nothing added to commit but untracked files present (use "git add" to track)

C:\javafsd\javademos>git add.
git: 'add.' is not a git command. See 'git --help'.

The most similar command is
        add

C:\javafsd\javademos>git add
Nothing specified, nothing added.
hint: Maybe you wanted to say 'git add .'?
hint: Turn this message off by running
hint: "git config advice.addEmptyPathspec false"

C:\javafsd\javademos>git add .

C:\javafsd\javademos>git status
On branch main
Your branch is up to date with 'origin/main'.

Changes to be committed:
  (use "git restore --staged <file>..." to unstage)
        new file:   textfile.txt


C:\javafsd\javademos>git push orgin main
fatal: 'orgin' does not appear to be a git repository
fatal: Could not read from remote repository.

Please make sure you have the correct access rights
and the repository exists.

C:\javafsd\javademos>git push origin main
Everything up-to-date

C:\javafsd\javademos>git status
On branch main
Your branch is up to date with 'origin/main'.

Changes to be committed:
  (use "git restore --staged <file>..." to unstage)
        new file:   textfile.txt


C:\javafsd\javademos>git commit -m "changes1"
Author identity unknown

*** Please tell me who you are.

Run

  git config --global user.email "you@example.com"
  git config --global user.name "Your Name"

to set your account's default identity.
Omit --global to set the identity only in this repository.

fatal: unable to auto-detect email address (got 'intel@DESKTOP-0D8G4R2.(none)')

C:\javafsd\javademos> git config --global user.email "subitsha183001103@gmail.com"

C:\javafsd\javademos> git config --global user.name "subitsha"

C:\javafsd\javademos>git push orgin main
fatal: 'orgin' does not appear to be a git repository
fatal: Could not read from remote repository.

Please make sure you have the correct access rights
and the repository exists.

C:\javafsd\javademos>git push origin main
Everything up-to-date

C:\javafsd\javademos>commit
'commit' is not recognized as an internal or external command,
operable program or batch file.

C:\javafsd\javademos>git status
On branch main
Your branch is up to date with 'origin/main'.

Changes to be committed:
  (use "git restore --staged <file>..." to unstage)
        new file:   textfile.txt


C:\javafsd\javademos>git commit -m "changes"
[main c985f6a] changes
 1 file changed, 0 insertions(+), 0 deletions(-)
 create mode 100644 textfile.txt

C:\javafsd\javademos>git status
On branch main
Your branch is ahead of 'origin/main' by 1 commit.
  (use "git push" to publish your local commits)

nothing to commit, working tree clean

C:\javafsd\javademos>git push origin main
Enumerating objects: 4, done.
Counting objects: 100% (4/4), done.
Delta compression using up to 4 threads
Compressing objects: 100% (2/2), done.
Writing objects: 100% (3/3), 278 bytes | 139.00 KiB/s, done.
Total 3 (delta 0), reused 0 (delta 0), pack-reused 0
To https://github.com/Subitshar/javademos.git
   035949d..c985f6a  main -> main

C:\javafsd\javademos>